Modules list:
-------------
bindat.o:
    STARTUP           Offs=000000  Size=000424  Align=00001  Fill=0000
    CHARS             Offs=000000  Size=002000  Align=00001  Fill=0000
main.o:
    HEADER            Offs=000000  Size=000010  Align=00001  Fill=0000
    STARTUP           Offs=000424  Size=000003  Align=00001  Fill=0000
    VECTORS           Offs=000000  Size=000006  Align=00001  Fill=0000
variables.o:
    ZEROPAGE          Offs=000000  Size=000004  Align=00001  Fill=0000
vec_irq.o:
    STARTUP           Offs=000427  Size=000001  Align=00001  Fill=0000
vec_nmi.o:
    STARTUP           Offs=000428  Size=000018  Align=00001  Fill=0000
vec_reset.o:
    STARTUP           Offs=000440  Size=0000D4  Align=00001  Fill=0000


Segment list:
-------------
Name                   Start     End    Size  Align
----------------------------------------------------
CHARS                 000000  001FFF  002000  00001
HEADER                000000  00000F  000010  00001
ZEROPAGE              000002  000005  000004  00001
STARTUP               008000  008513  000514  00001
VECTORS               00FFFA  00FFFF  000006  00001


Exports list by name:
---------------------
AttributeData             0083E0 RLA    PalleteData               008000 RLA    
SpriteData                008420 RLA    WorldData                 008020 RLA    
__STACKSIZE__             000300 REA    vec_nmi                   008428 RLA    
vec_reset                 008440 RLA    zp_var                    000002 RLZ    
zp_world_addr             000004 RLZ    


Exports list by value:
----------------------
zp_var                    000002 RLZ    zp_world_addr             000004 RLZ    
__STACKSIZE__             000300 REA    PalleteData               008000 RLA    
WorldData                 008020 RLA    AttributeData             0083E0 RLA    
SpriteData                008420 RLA    vec_nmi                   008428 RLA    
vec_reset                 008440 RLA    


Imports list:
-------------
AttributeData (bindat.o):
    vec_reset.o               ./inc/bindat.inc:2
PalleteData (bindat.o):
    vec_reset.o               ./inc/bindat.inc:1
SpriteData (bindat.o):
    vec_reset.o               ./inc/bindat.inc:4
WorldData (bindat.o):
    vec_reset.o               ./inc/bindat.inc:3
__STACKSIZE__ ([linker generated]):
    [linker generated]        C:\cc65-snapshot-win32\cfg/nes.cfg:27
vec_nmi (vec_nmi.o):
    main.o                    ./inc/vectors.inc:2
vec_reset (vec_reset.o):
    main.o                    ./inc/vectors.inc:3
zp_var (variables.o):
    vec_reset.o               ./inc/variables.inc:1
zp_world_addr (variables.o):
    vec_reset.o               ./inc/variables.inc:2

